******************************************************************************
                  TI ARM Linker Unix v5.2.5                    
******************************************************************************
>> Linked Wed Feb 10 23:01:20 2016

OUTPUT FILE NAME:   <uart.out>
ENTRY POINT SYMBOL: "_c_int00"  address: 000006c5


MEMORY CONFIGURATION

         name            origin    length      used     unused   attr    fill
----------------------  --------  ---------  --------  --------  ----  --------
  FLASH                 00000000   00040000  0000092e  0003f6d2  R  X
  SRAM                  20000000   00008000  00000230  00007dd0  RW X


SEGMENT ALLOCATION MAP

run origin  load origin   length   init length attrs members
----------  ----------- ---------- ----------- ----- -------
00000000    00000000    00000930   00000930    r-x
  00000000    00000000    0000026c   0000026c    r-- .intvecs
  0000026c    0000026c    0000068a   0000068a    r-x .text
  000008f8    000008f8    00000038   00000038    r-- .cinit
20000000    20000000    00000230   00000000    rw-
  20000000    20000000    00000200   00000000    rw- .stack
  20000200    20000200    0000001c   00000000    rw- .bss
  2000021c    2000021c    00000014   00000000    rw- .data


SECTION ALLOCATION MAP

 output                                  attributes/
section   page    origin      length       input sections
--------  ----  ----------  ----------   ----------------
.intvecs   0    00000000    0000026c     
                  00000000    0000026c     tm4c123gh6pm_startup_ccs.obj (.intvecs)

.text      0    0000026c    0000068a     
                  0000026c    000000fc     main.obj (.text)
                  00000368    000000f4     driverlib.lib : sysctl.obj (.text:SysCtlClockSet)
                  0000045c    0000009c     rtsv7M4_T_le_v4SPD16_eabi.lib : memcpy_t2.obj (.text)
                  000004f8    0000007a     driverlib.lib : adc.obj (.text:ADCSequenceStepConfigure)
                  00000572    0000007a     rtsv7M4_T_le_v4SPD16_eabi.lib : memset_t2.obj (.text)
                  000005ec    0000006c                                   : autoinit.obj (.text)
                  00000658    0000006a                                   : copy_decompress_rle.obj (.text)
                  000006c2    00000002     --HOLE-- [fill = 0]
                  000006c4    00000050                                   : boot.obj (.text)
                  00000714    0000004c                                   : cpy_tbl.obj (.text)
                  00000760    00000044                                   : exit.obj (.text)
                  000007a4    0000003e     driverlib.lib : adc.obj (.text:ADCSequenceConfigure)
                  000007e2    00000002     --HOLE-- [fill = 0]
                  000007e4    00000034                   : sysctl.obj (.text:SysCtlPeripheralEnable)
                  00000818    0000002e                   : adc.obj (.text:ADCIntStatus)
                  00000846    0000001e                   : adc.obj (.text:ADCSequenceDataGet)
                  00000864    00000018                   : adc.obj (.text:ADCProcessorTrigger)
                  0000087c    00000018     rtsv7M4_T_le_v4SPD16_eabi.lib : args_main.obj (.text)
                  00000894    00000014                                   : _lock.obj (.text)
                  000008a8    0000000e     driverlib.lib : adc.obj (.text:ADCSequenceEnable)
                  000008b6    0000000e     rtsv7M4_T_le_v4SPD16_eabi.lib : copy_decompress_none.obj (.text:decompress:none)
                  000008c4    0000000c                                   : copy_zero_init.obj (.text:decompress:ZI)
                  000008d0    0000000c     tm4c123gh6pm_startup_ccs.obj (.text)
                  000008dc    0000000a     driverlib.lib : adc.obj (.text:ADCIntClear)
                  000008e6    00000006                   : sysctl.obj (.text:SysCtlDelay)
                  000008ec    00000006     rtsv7M4_T_le_v4SPD16_eabi.lib : copy_decompress_rle.obj (.text:decompress:rle24)
                  000008f2    00000004                                   : pre_init.obj (.text)

.cinit     0    000008f8    00000038     
                  000008f8    0000000f     (.cinit..data.load) [load image, compression = rle]
                  00000907    00000001     --HOLE-- [fill = 0]
                  00000908    0000000c     (__TI_handler_table)
                  00000914    00000004     --HOLE-- [fill = 0]
                  00000918    00000008     (.cinit..bss.load) [load image, compression = zero_init]
                  00000920    00000010     (__TI_cinit_table)

.init_array 
*          0    00000000    00000000     UNINITIALIZED

.bss       0    20000200    0000001c     UNINITIALIZED
                  20000200    00000010     (.common:ui32ADC0Value)
                  20000210    00000004     (.common:ui32TempAvg)
                  20000214    00000004     (.common:ui32TempValueC)
                  20000218    00000004     (.common:ui32TempValueF)

.data      0    2000021c    00000014     UNINITIALIZED
                  2000021c    00000008     rtsv7M4_T_le_v4SPD16_eabi.lib : _lock.obj (.data)
                  20000224    00000008                                   : exit.obj (.data)
                  2000022c    00000004                                   : stkdepth_vars.obj (.data)

.stack     0    20000000    00000200     UNINITIALIZED
                  20000000    00000200     --HOLE--

.TI.noinit 
*          0    20000200    00000000     UNINITIALIZED

.TI.persistent 
*          0    2000021c    00000000     UNINITIALIZED


LINKER GENERATED COPY TABLES

__TI_cinit_table @ 00000920 records: 2, size/record: 8, table size: 16
	.data: load addr=000008f8, load size=0000000f bytes, run addr=2000021c, run size=00000014 bytes, compression=rle
	.bss: load addr=00000918, load size=00000008 bytes, run addr=20000200, run size=0000001c bytes, compression=zero_init


LINKER GENERATED HANDLER TABLE

__TI_handler_table @ 00000908 records: 3, size/record: 4, table size: 12
	index: 0, handler: __TI_decompress_rle24
	index: 1, handler: __TI_decompress_none
	index: 2, handler: __TI_zero_init


GLOBAL SYMBOLS: SORTED ALPHABETICALLY BY Name 

address   name                              
-------   ----                              
000008dd  ADCIntClear                       
00000819  ADCIntStatus                      
00000865  ADCProcessorTrigger               
000007a5  ADCSequenceConfigure              
00000847  ADCSequenceDataGet                
000008a9  ADCSequenceEnable                 
000004f9  ADCSequenceStepConfigure          
00000761  C$$EXIT                           
UNDEFED   ROM_ADCHardwareOversampleConfigure
000008d1  ResetISR                          
UNDEFED   SHT$$INIT_ARRAY$$Base             
UNDEFED   SHT$$INIT_ARRAY$$Limit            
00000369  SysCtlClockSet                    
000008e7  SysCtlDelay                       
000007e5  SysCtlPeripheralEnable            
20000200  __STACK_END                       
00000200  __STACK_SIZE                      
20000200  __STACK_TOP                       
00000920  __TI_CINIT_Base                   
00000930  __TI_CINIT_Limit                  
00000908  __TI_Handler_Table_Base           
00000914  __TI_Handler_Table_Limit          
000005ed  __TI_auto_init                    
20000224  __TI_cleanup_ptr                  
000008b7  __TI_decompress_none              
000008ed  __TI_decompress_rle24             
20000228  __TI_dtors_ptr                    
00000000  __TI_static_base__                
000008c5  __TI_zero_init                    
00000573  __aeabi_memclr                    
00000573  __aeabi_memclr4                   
00000573  __aeabi_memclr8                   
0000045d  __aeabi_memcpy                    
0000045d  __aeabi_memcpy4                   
0000045d  __aeabi_memcpy8                   
00000575  __aeabi_memset                    
00000575  __aeabi_memset4                   
00000575  __aeabi_memset8                   
ffffffff  __binit__                         
ffffffff  __c_args__                        
20000000  __stack                           
0000087d  _args_main                        
000006c5  _c_int00                          
2000021c  _lock                             
000008a3  _nop                              
0000089b  _register_lock                    
00000895  _register_unlock                  
000008f3  _system_pre_init                  
20000220  _unlock                           
00000765  abort                             
ffffffff  binit                             
00000715  copy_in                           
0000076d  exit                              
00000000  g_pfnVectors                      
0000026d  main                              
2000022c  main_func_sp                      
0000045d  memcpy                            
0000057b  memset                            
20000200  ui32ADC0Value                     
20000210  ui32TempAvg                       
20000214  ui32TempValueC                    
20000218  ui32TempValueF                    


GLOBAL SYMBOLS: SORTED BY Symbol Address 

address   name                              
-------   ----                              
00000000  __TI_static_base__                
00000000  g_pfnVectors                      
00000200  __STACK_SIZE                      
0000026d  main                              
00000369  SysCtlClockSet                    
0000045d  __aeabi_memcpy                    
0000045d  __aeabi_memcpy4                   
0000045d  __aeabi_memcpy8                   
0000045d  memcpy                            
000004f9  ADCSequenceStepConfigure          
00000573  __aeabi_memclr                    
00000573  __aeabi_memclr4                   
00000573  __aeabi_memclr8                   
00000575  __aeabi_memset                    
00000575  __aeabi_memset4                   
00000575  __aeabi_memset8                   
0000057b  memset                            
000005ed  __TI_auto_init                    
000006c5  _c_int00                          
00000715  copy_in                           
00000761  C$$EXIT                           
00000765  abort                             
0000076d  exit                              
000007a5  ADCSequenceConfigure              
000007e5  SysCtlPeripheralEnable            
00000819  ADCIntStatus                      
00000847  ADCSequenceDataGet                
00000865  ADCProcessorTrigger               
0000087d  _args_main                        
00000895  _register_unlock                  
0000089b  _register_lock                    
000008a3  _nop                              
000008a9  ADCSequenceEnable                 
000008b7  __TI_decompress_none              
000008c5  __TI_zero_init                    
000008d1  ResetISR                          
000008dd  ADCIntClear                       
000008e7  SysCtlDelay                       
000008ed  __TI_decompress_rle24             
000008f3  _system_pre_init                  
00000908  __TI_Handler_Table_Base           
00000914  __TI_Handler_Table_Limit          
00000920  __TI_CINIT_Base                   
00000930  __TI_CINIT_Limit                  
20000000  __stack                           
20000200  __STACK_END                       
20000200  __STACK_TOP                       
20000200  ui32ADC0Value                     
20000210  ui32TempAvg                       
20000214  ui32TempValueC                    
20000218  ui32TempValueF                    
2000021c  _lock                             
20000220  _unlock                           
20000224  __TI_cleanup_ptr                  
20000228  __TI_dtors_ptr                    
2000022c  main_func_sp                      
ffffffff  __binit__                         
ffffffff  __c_args__                        
ffffffff  binit                             
UNDEFED   ROM_ADCHardwareOversampleConfigure
UNDEFED   SHT$$INIT_ARRAY$$Base             
UNDEFED   SHT$$INIT_ARRAY$$Limit            

[62 symbols]
