******************************************************************************
                  TI ARM Linker Unix v5.2.5                    
******************************************************************************
>> Linked Wed Feb 10 23:01:19 2016

OUTPUT FILE NAME:   <lab4test2.out>
ENTRY POINT SYMBOL: "_c_int00"  address: 00001895


MEMORY CONFIGURATION

         name            origin    length      used     unused   attr    fill
----------------------  --------  ---------  --------  --------  ----  --------
  FLASH                 00000000   00040000  0000202a  0003dfd6  R  X
  SRAM                  20000000   00008000  000003eb  00007c15  RW X


SEGMENT ALLOCATION MAP

run origin  load origin   length   init length attrs members
----------  ----------- ---------- ----------- ----- -------
00000000    00000000    00002030   00002030    r-x
  00000000    00000000    0000026c   0000026c    r-- .intvecs
  0000026c    0000026c    00001b86   00001b86    r-x .text
  00001df8    00001df8    000001a8   000001a8    r-- .const
  00001fa0    00001fa0    00000090   00000090    r-- .cinit
20000000    20000000    000003eb   00000000    rw-
  20000000    20000000    00000200   00000000    rw- .stack
  20000200    20000200    000001c4   00000000    rw- .data
  200003c4    200003c4    00000027   00000000    rw- .bss


SECTION ALLOCATION MAP

 output                                  attributes/
section   page    origin      length       input sections
--------  ----  ----------  ----------   ----------------
.intvecs   0    00000000    0000026c     
                  00000000    0000026c     tm4c123gh6pm_startup_ccs.obj (.intvecs)

.text      0    0000026c    00001b86     
                  0000026c    00000744     main.obj (.text)
                  000009b0    000002ec     rtsv7M4_T_le_v4SPD16_eabi.lib : xlog.obj (.text)
                  00000c9c    000001b6                                   : fd_add_t2.obj (.text)
                  00000e52    00000136                                   : fd_div_t2.obj (.text)
                  00000f88    00000132     driverlib.lib : gpio.obj (.text:GPIOPadConfigSet)
                  000010ba    00000002     rtsv7M4_T_le_v4SPD16_eabi.lib : i_div0.obj (.text)
                  000010bc    00000110     driverlib.lib : sysctl.obj (.text:SysCtlClockGet)
                  000011cc    000000fc     rtsv7M4_T_le_v4SPD16_eabi.lib : fd_mul_t2.obj (.text)
                  000012c8    000000f4     driverlib.lib : sysctl.obj (.text:SysCtlClockSet)
                  000013bc    000000be     rtsv7M4_T_le_v4SPD16_eabi.lib : xdnorm.obj (.text)
                  0000147a    0000009c                                   : memcpy_t2.obj (.text)
                  00001516    00000086                                   : fd_cmp_t2.obj (.text:__aeabi_cdcmple)
                  0000159c    0000007a     driverlib.lib : adc.obj (.text:ADCSequenceStepConfigure)
                  00001616    0000007a     rtsv7M4_T_le_v4SPD16_eabi.lib : memset_t2.obj (.text)
                  00001690    0000006c                                   : autoinit.obj (.text)
                  000016fc    0000006a                                   : copy_decompress_rle.obj (.text)
                  00001766    00000002     --HOLE-- [fill = 0]
                  00001768    00000068     driverlib.lib : interrupt.obj (.text:IntEnable)
                  000017d0    00000066     rtsv7M4_T_le_v4SPD16_eabi.lib : xdunscal.obj (.text)
                  00001836    0000005e                                   : i_divt2.obj (.text)
                  00001894    00000050                                   : boot.obj (.text)
                  000018e4    0000004c                                   : cpy_tbl.obj (.text)
                  00001930    00000048     driverlib.lib : gpio.obj (.text:GPIOPinConfigure)
                  00001978    00000048     rtsv7M4_T_le_v4SPD16_eabi.lib : fd_toi_t2.obj (.text)
                  000019c0    00000046     driverlib.lib : uart.obj (.text:UARTConfigSetExpClk)
                  00001a06    00000002     --HOLE-- [fill = 0]
                  00001a08    00000044     rtsv7M4_T_le_v4SPD16_eabi.lib : exit.obj (.text)
                  00001a4c    00000040                                   : signal.obj (.text)
                  00001a8c    0000003e     driverlib.lib : adc.obj (.text:ADCSequenceConfigure)
                  00001aca    00000038     rtsv7M4_T_le_v4SPD16_eabi.lib : fs_tod_t2.obj (.text)
                  00001b02    00000002     --HOLE-- [fill = 0]
                  00001b04    00000034     driverlib.lib : sysctl.obj (.text:SysCtlPeripheralEnable)
                  00001b38    00000034     rtsv7M4_T_le_v4SPD16_eabi.lib : feraiseexcept.obj (.text)
                  00001b6c    00000030                                   : xferaise.obj (.text)
                  00001b9c    0000002e     driverlib.lib : adc.obj (.text:ADCIntStatus)
                  00001bca    0000002e     rtsv7M4_T_le_v4SPD16_eabi.lib : i_tofd_t2.obj (.text)
                  00001bf8    0000002e                                   : raise.obj (.text)
                  00001c26    0000002a     driverlib.lib : gpio.obj (.text:GPIODirModeSet)
                  00001c50    00000020                   : uart.obj (.text:UARTDisable)
                  00001c70    0000001e                   : adc.obj (.text:ADCSequenceDataGet)
                  00001c8e    0000001a     rtsv7M4_T_le_v4SPD16_eabi.lib : log10.obj (.text)
                  00001ca8    00000018     driverlib.lib : adc.obj (.text:ADCProcessorTrigger)
                  00001cc0    00000018                   : gpio.obj (.text:GPIOPinTypeGPIOOutput)
                  00001cd8    00000018     rtsv7M4_T_le_v4SPD16_eabi.lib : args_main.obj (.text)
                  00001cf0    00000014     driverlib.lib : uart.obj (.text:UARTEnable)
                  00001d04    00000014     rtsv7M4_T_le_v4SPD16_eabi.lib : _lock.obj (.text)
                  00001d18    00000012     driverlib.lib : gpio.obj (.text:GPIOPinTypeUART)
                  00001d2a    00000010                   : interrupt.obj (.text:IntMasterEnable)
                  00001d3a    0000000e                   : adc.obj (.text:ADCHardwareOversampleConfigure)
                  00001d48    0000000e                   : adc.obj (.text:ADCSequenceEnable)
                  00001d56    0000000e                   : uart.obj (.text:UARTCharGetNonBlocking)
                  00001d64    0000000e                   : uart.obj (.text:UARTCharPutNonBlocking)
                  00001d72    0000000e                   : uart.obj (.text:UARTCharsAvail)
                  00001d80    0000000e     rtsv7M4_T_le_v4SPD16_eabi.lib : copy_decompress_none.obj (.text:decompress:none)
                  00001d8e    0000000c     driverlib.lib : cpu.obj (.text:CPUcpsie)
                  00001d9a    0000000c     rtsv7M4_T_le_v4SPD16_eabi.lib : copy_zero_init.obj (.text:decompress:ZI)
                  00001da6    0000000c     tm4c123gh6pm_startup_ccs.obj (.text)
                  00001db2    0000000a     driverlib.lib : adc.obj (.text:ADCIntClear)
                  00001dbc    0000000a                   : uart.obj (.text:UARTCharPut)
                  00001dc6    0000000a                   : uart.obj (.text:UARTIntStatus)
                  00001dd0    00000008                   : uart.obj (.text:UARTIntEnable)
                  00001dd8    00000006                   : gpio.obj (.text:GPIOPinWrite)
                  00001dde    00000006                   : sysctl.obj (.text:SysCtlDelay)
                  00001de4    00000006     rtsv7M4_T_le_v4SPD16_eabi.lib : copy_decompress_rle.obj (.text:decompress:rle24)
                  00001dea    00000004     driverlib.lib : uart.obj (.text:UARTIntClear)
                  00001dee    00000004     rtsv7M4_T_le_v4SPD16_eabi.lib : pre_init.obj (.text)

.const     0    00001df8    000001a8     
                  00001df8    00000090     driverlib.lib : gpio.obj (.const:g_pui32GPIOBaseAddrs)
                  00001e88    00000070                   : interrupt.obj (.const)
                  00001ef8    0000006c                   : sysctl.obj (.const:g_pui32Xtals)
                  00001f64    00000004     --HOLE-- [fill = 0]
                  00001f68    00000038     rtsv7M4_T_le_v4SPD16_eabi.lib : xlog.obj (.const:p)

.cinit     0    00001fa0    00000090     
                  00001fa0    00000068     (.cinit..data.load) [load image, compression = rle]
                  00002008    0000000c     (__TI_handler_table)
                  00002014    00000004     --HOLE-- [fill = 0]
                  00002018    00000008     (.cinit..bss.load) [load image, compression = zero_init]
                  00002020    00000010     (__TI_cinit_table)

.init_array 
*          0    00000000    00000000     UNINITIALIZED

.data      0    20000200    000001c4     UNINITIALIZED
                  20000200    000000b0     rtsv7M4_T_le_v4SPD16_eabi.lib : signal.obj (.data:sigtable)
                  200002b0    00000080                                   : xvalues.obj (.data)
                  20000330    00000068                                   : xfvalues.obj (.data)
                  20000398    0000000c     main.obj (.data)
                  200003a4    00000008     rtsv7M4_T_le_v4SPD16_eabi.lib : _lock.obj (.data)
                  200003ac    00000008                                   : exit.obj (.data)
                  200003b4    00000008                                   : feraiseexcept.obj (.data)
                  200003bc    00000004                                   : errno.obj (.data)
                  200003c0    00000004                                   : stkdepth_vars.obj (.data)

.bss       0    200003c4    00000027     UNINITIALIZED
                  200003c4    00000010     (.common:ui32ADC0Value)
                  200003d4    0000000c     (.common:digit)
                  200003e0    00000004     (.common:ui32TempAvg)
                  200003e4    00000004     (.common:ui32TempValueC)
                  200003e8    00000001     (.common:len)
                  200003e9    00000001     (.common:length)
                  200003ea    00000001     (.common:tnum)

.stack     0    20000000    00000200     UNINITIALIZED
                  20000000    00000200     --HOLE--

.TI.persistent 
*          0    20000200    00000000     UNINITIALIZED

.TI.noinit 
*          0    200003c4    00000000     UNINITIALIZED


LINKER GENERATED COPY TABLES

__TI_cinit_table @ 00002020 records: 2, size/record: 8, table size: 16
	.data: load addr=00001fa0, load size=00000068 bytes, run addr=20000200, run size=000001c4 bytes, compression=rle
	.bss: load addr=00002018, load size=00000008 bytes, run addr=200003c4, run size=00000027 bytes, compression=zero_init


LINKER GENERATED HANDLER TABLE

__TI_handler_table @ 00002008 records: 3, size/record: 4, table size: 12
	index: 0, handler: __TI_decompress_rle24
	index: 1, handler: __TI_decompress_none
	index: 2, handler: __TI_zero_init


GLOBAL SYMBOLS: SORTED ALPHABETICALLY BY Name 

address   name                          
-------   ----                          
00001d3b  ADCHardwareOversampleConfigure
00001db3  ADCIntClear                   
00001b9d  ADCIntStatus                  
00001ca9  ADCProcessorTrigger           
00001a8d  ADCSequenceConfigure          
00001c71  ADCSequenceDataGet            
00001d49  ADCSequenceEnable             
0000159d  ADCSequenceStepConfigure      
00001a09  C$$EXIT                       
00001d8f  CPUcpsie                      
00001c27  GPIODirModeSet                
00000f89  GPIOPadConfigSet              
00001931  GPIOPinConfigure              
00001cc1  GPIOPinTypeGPIOOutput         
00001d19  GPIOPinTypeUART               
00001dd9  GPIOPinWrite                  
00001769  IntEnable                     
00001d2b  IntMasterEnable               
00001da7  ResetISR                      
UNDEFED   SHT$$INIT_ARRAY$$Base         
UNDEFED   SHT$$INIT_ARRAY$$Limit        
000010bd  SysCtlClockGet                
000012c9  SysCtlClockSet                
00001ddf  SysCtlDelay                   
00001b05  SysCtlPeripheralEnable        
00001d57  UARTCharGetNonBlocking        
00001dbd  UARTCharPut                   
00001d65  UARTCharPutNonBlocking        
00001d73  UARTCharsAvail                
000019c1  UARTConfigSetExpClk           
00001c51  UARTDisable                   
00001cf1  UARTEnable                    
00001deb  UARTIntClear                  
00001dd1  UARTIntEnable                 
0000026d  UARTIntHandler                
00001dc7  UARTIntStatus                 
200002b0  _Denorm                       
000013bd  _Dnorm                        
000017d1  _Dunscale                     
200002c0  _Eps                          
200003bc  _Errno                        
20000330  _FDenorm                      
20000340  _FEps                         
20000350  _FInf                         
20000360  _FNan                         
20000380  _FRteps                       
20000370  _FSnan                        
20000390  _FXbig                        
20000394  _FZero                        
200003b4  _Fenv                         
00001b6d  _Feraise                      
200002d0  _Hugeval                      
200002e0  _Inf                          
000009b1  _Log                          
200002f0  _Nan                          
20000310  _Rteps                        
20000300  _Snan                         
200003b8  _Tls_setup__Fenv              
20000320  _Xbig                         
20000328  _Zero                         
20000200  __STACK_END                   
00000200  __STACK_SIZE                  
20000200  __STACK_TOP                   
00002020  __TI_CINIT_Base               
00002030  __TI_CINIT_Limit              
00002008  __TI_Handler_Table_Base       
00002014  __TI_Handler_Table_Limit      
00001691  __TI_auto_init                
200003ac  __TI_cleanup_ptr              
00001d81  __TI_decompress_none          
00001de5  __TI_decompress_rle24         
200003b0  __TI_dtors_ptr                
00000000  __TI_static_base__            
00001d9b  __TI_zero_init                
00001517  __aeabi_cdcmpeq               
00001517  __aeabi_cdcmple               
00001979  __aeabi_d2iz                  
00000ca7  __aeabi_dadd                  
00000e53  __aeabi_ddiv                  
000011cd  __aeabi_dmul                  
00000c9d  __aeabi_dsub                  
00001acb  __aeabi_f2d                   
00001bcb  __aeabi_i2d                   
00001837  __aeabi_idiv                  
000010bb  __aeabi_idiv0                 
00001837  __aeabi_idivmod               
00001617  __aeabi_memclr                
00001617  __aeabi_memclr4               
00001617  __aeabi_memclr8               
0000147b  __aeabi_memcpy                
0000147b  __aeabi_memcpy4               
0000147b  __aeabi_memcpy8               
00001619  __aeabi_memset                
00001619  __aeabi_memset4               
00001619  __aeabi_memset8               
ffffffff  __binit__                     
ffffffff  __c_args__                    
20000000  __stack                       
00001cd9  _args_main                    
00001895  _c_int00                      
200003a4  _lock                         
00001d13  _nop                          
00001d0b  _register_lock                
00001d05  _register_unlock              
00001def  _system_pre_init              
200003a8  _unlock                       
00001a0d  abort                         
000006cf  asciiInt                      
ffffffff  binit                         
000018e5  copy_in                       
2000039c  deftemp                       
200003d4  digit                         
00001a15  exit                          
00001b39  feraiseexcept                 
00000000  g_pfnVectors                  
20000398  i                             
2000039a  j                             
200003e8  len                           
200003e9  length                        
00001c8f  log10                         
000007d3  main                          
200003c0  main_func_sp                  
0000147b  memcpy                        
0000161f  memset                        
20000399  mode                          
00000551  printtemp                     
00001bf9  raise                         
2000039b  sign                          
00001a4d  signal                        
200003a0  temp                          
200003ea  tnum                          
200003c4  ui32ADC0Value                 
200003e0  ui32TempAvg                   
200003e4  ui32TempValueC                


GLOBAL SYMBOLS: SORTED BY Symbol Address 

address   name                          
-------   ----                          
00000000  __TI_static_base__            
00000000  g_pfnVectors                  
00000200  __STACK_SIZE                  
0000026d  UARTIntHandler                
00000551  printtemp                     
000006cf  asciiInt                      
000007d3  main                          
000009b1  _Log                          
00000c9d  __aeabi_dsub                  
00000ca7  __aeabi_dadd                  
00000e53  __aeabi_ddiv                  
00000f89  GPIOPadConfigSet              
000010bb  __aeabi_idiv0                 
000010bd  SysCtlClockGet                
000011cd  __aeabi_dmul                  
000012c9  SysCtlClockSet                
000013bd  _Dnorm                        
0000147b  __aeabi_memcpy                
0000147b  __aeabi_memcpy4               
0000147b  __aeabi_memcpy8               
0000147b  memcpy                        
00001517  __aeabi_cdcmpeq               
00001517  __aeabi_cdcmple               
0000159d  ADCSequenceStepConfigure      
00001617  __aeabi_memclr                
00001617  __aeabi_memclr4               
00001617  __aeabi_memclr8               
00001619  __aeabi_memset                
00001619  __aeabi_memset4               
00001619  __aeabi_memset8               
0000161f  memset                        
00001691  __TI_auto_init                
00001769  IntEnable                     
000017d1  _Dunscale                     
00001837  __aeabi_idiv                  
00001837  __aeabi_idivmod               
00001895  _c_int00                      
000018e5  copy_in                       
00001931  GPIOPinConfigure              
00001979  __aeabi_d2iz                  
000019c1  UARTConfigSetExpClk           
00001a09  C$$EXIT                       
00001a0d  abort                         
00001a15  exit                          
00001a4d  signal                        
00001a8d  ADCSequenceConfigure          
00001acb  __aeabi_f2d                   
00001b05  SysCtlPeripheralEnable        
00001b39  feraiseexcept                 
00001b6d  _Feraise                      
00001b9d  ADCIntStatus                  
00001bcb  __aeabi_i2d                   
00001bf9  raise                         
00001c27  GPIODirModeSet                
00001c51  UARTDisable                   
00001c71  ADCSequenceDataGet            
00001c8f  log10                         
00001ca9  ADCProcessorTrigger           
00001cc1  GPIOPinTypeGPIOOutput         
00001cd9  _args_main                    
00001cf1  UARTEnable                    
00001d05  _register_unlock              
00001d0b  _register_lock                
00001d13  _nop                          
00001d19  GPIOPinTypeUART               
00001d2b  IntMasterEnable               
00001d3b  ADCHardwareOversampleConfigure
00001d49  ADCSequenceEnable             
00001d57  UARTCharGetNonBlocking        
00001d65  UARTCharPutNonBlocking        
00001d73  UARTCharsAvail                
00001d81  __TI_decompress_none          
00001d8f  CPUcpsie                      
00001d9b  __TI_zero_init                
00001da7  ResetISR                      
00001db3  ADCIntClear                   
00001dbd  UARTCharPut                   
00001dc7  UARTIntStatus                 
00001dd1  UARTIntEnable                 
00001dd9  GPIOPinWrite                  
00001ddf  SysCtlDelay                   
00001de5  __TI_decompress_rle24         
00001deb  UARTIntClear                  
00001def  _system_pre_init              
00002008  __TI_Handler_Table_Base       
00002014  __TI_Handler_Table_Limit      
00002020  __TI_CINIT_Base               
00002030  __TI_CINIT_Limit              
20000000  __stack                       
20000200  __STACK_END                   
20000200  __STACK_TOP                   
200002b0  _Denorm                       
200002c0  _Eps                          
200002d0  _Hugeval                      
200002e0  _Inf                          
200002f0  _Nan                          
20000300  _Snan                         
20000310  _Rteps                        
20000320  _Xbig                         
20000328  _Zero                         
20000330  _FDenorm                      
20000340  _FEps                         
20000350  _FInf                         
20000360  _FNan                         
20000370  _FSnan                        
20000380  _FRteps                       
20000390  _FXbig                        
20000394  _FZero                        
20000398  i                             
20000399  mode                          
2000039a  j                             
2000039b  sign                          
2000039c  deftemp                       
200003a0  temp                          
200003a4  _lock                         
200003a8  _unlock                       
200003ac  __TI_cleanup_ptr              
200003b0  __TI_dtors_ptr                
200003b4  _Fenv                         
200003b8  _Tls_setup__Fenv              
200003bc  _Errno                        
200003c0  main_func_sp                  
200003c4  ui32ADC0Value                 
200003d4  digit                         
200003e0  ui32TempAvg                   
200003e4  ui32TempValueC                
200003e8  len                           
200003e9  length                        
200003ea  tnum                          
ffffffff  __binit__                     
ffffffff  __c_args__                    
ffffffff  binit                         
UNDEFED   SHT$$INIT_ARRAY$$Base         
UNDEFED   SHT$$INIT_ARRAY$$Limit        

[134 symbols]
