******************************************************************************
                  TI ARM Linker Unix v5.2.5                    
******************************************************************************
>> Linked Thu Feb  4 17:39:10 2016

OUTPUT FILE NAME:   <lab2.out>
ENTRY POINT SYMBOL: "_c_int00"  address: 00000a51


MEMORY CONFIGURATION

         name            origin    length      used     unused   attr    fill
----------------------  --------  ---------  --------  --------  ----  --------
  FLASH                 00000000   00040000  00000d84  0003f27c  R  X
  SRAM                  20000000   00008000  00000221  00007ddf  RW X


SEGMENT ALLOCATION MAP

run origin  load origin   length   init length attrs members
----------  ----------- ---------- ----------- ----- -------
00000000    00000000    00000d88   00000d88    r-x
  00000000    00000000    0000026c   0000026c    r-- .intvecs
  0000026c    0000026c    00000a04   00000a04    r-x .text
  00000c70    00000c70    000000dc   000000dc    r-- .const
  00000d50    00000d50    00000038   00000038    r-- .cinit
20000000    20000000    00000221   00000000    rw-
  20000000    20000000    00000200   00000000    rw- .stack
  20000200    20000200    0000001c   00000000    rw- .data
  2000021c    2000021c    00000005   00000000    rw- .bss


SECTION ALLOCATION MAP

 output                                  attributes/
section   page    origin      length       input sections
--------  ----  ----------  ----------   ----------------
.intvecs   0    00000000    0000026c     
                  00000000    0000026c     tm4c123gh6pm_startup_ccs.obj (.intvecs)

.text      0    0000026c    00000a04     
                  0000026c    000001f4     main.obj (.text)
                  00000460    00000132     driverlib.lib : gpio.obj (.text:GPIOPadConfigSet)
                  00000592    00000002     --HOLE-- [fill = 0]
                  00000594    00000110                   : sysctl.obj (.text:SysCtlClockGet)
                  000006a4    000000f4                   : sysctl.obj (.text:SysCtlClockSet)
                  00000798    0000009c     rtsv7M4_T_le_v4SPD16_eabi.lib : memcpy_t2.obj (.text)
                  00000834    0000007a                                   : memset_t2.obj (.text)
                  000008ae    00000002     --HOLE-- [fill = 0]
                  000008b0    0000006c                                   : autoinit.obj (.text)
                  0000091c    0000006a                                   : copy_decompress_rle.obj (.text)
                  00000986    00000002     --HOLE-- [fill = 0]
                  00000988    00000068     driverlib.lib : interrupt.obj (.text:IntEnable)
                  000009f0    00000060                   : timer.obj (.text:TimerConfigure)
                  00000a50    00000050     rtsv7M4_T_le_v4SPD16_eabi.lib : boot.obj (.text)
                  00000aa0    0000004c                                   : cpy_tbl.obj (.text)
                  00000aec    00000044                                   : exit.obj (.text)
                  00000b30    00000034     driverlib.lib : sysctl.obj (.text:SysCtlPeripheralEnable)
                  00000b64    0000002a                   : gpio.obj (.text:GPIODirModeSet)
                  00000b8e    00000018                   : gpio.obj (.text:GPIOPinTypeGPIOOutput)
                  00000ba6    00000002     --HOLE-- [fill = 0]
                  00000ba8    00000018     rtsv7M4_T_le_v4SPD16_eabi.lib : args_main.obj (.text)
                  00000bc0    00000014                                   : _lock.obj (.text)
                  00000bd4    00000012     driverlib.lib : gpio.obj (.text:GPIOPinTypeGPIOInput)
                  00000be6    00000012                   : timer.obj (.text:TimerLoadSet)
                  00000bf8    00000010                   : interrupt.obj (.text:IntMasterEnable)
                  00000c08    0000000e                   : timer.obj (.text:TimerEnable)
                  00000c16    0000000e     rtsv7M4_T_le_v4SPD16_eabi.lib : copy_decompress_none.obj (.text:decompress:none)
                  00000c24    0000000c     driverlib.lib : cpu.obj (.text:CPUcpsie)
                  00000c30    0000000c     rtsv7M4_T_le_v4SPD16_eabi.lib : copy_zero_init.obj (.text:decompress:ZI)
                  00000c3c    0000000c     tm4c123gh6pm_startup_ccs.obj (.text)
                  00000c48    00000008     driverlib.lib : timer.obj (.text:TimerIntEnable)
                  00000c50    00000006                   : gpio.obj (.text:GPIOPinRead)
                  00000c56    00000006                   : gpio.obj (.text:GPIOPinWrite)
                  00000c5c    00000006                   : sysctl.obj (.text:SysCtlDelay)
                  00000c62    00000006     rtsv7M4_T_le_v4SPD16_eabi.lib : copy_decompress_rle.obj (.text:decompress:rle24)
                  00000c68    00000004     driverlib.lib : timer.obj (.text:TimerIntClear)
                  00000c6c    00000004     rtsv7M4_T_le_v4SPD16_eabi.lib : pre_init.obj (.text)

.const     0    00000c70    000000dc     
                  00000c70    00000070     driverlib.lib : interrupt.obj (.const)
                  00000ce0    0000006c                   : sysctl.obj (.const:g_pui32Xtals)

.cinit     0    00000d50    00000038     
                  00000d50    00000013     (.cinit..data.load) [load image, compression = rle]
                  00000d63    00000001     --HOLE-- [fill = 0]
                  00000d64    0000000c     (__TI_handler_table)
                  00000d70    00000008     (.cinit..bss.load) [load image, compression = zero_init]
                  00000d78    00000010     (__TI_cinit_table)

.init_array 
*          0    00000000    00000000     UNINITIALIZED

.data      0    20000200    0000001c     UNINITIALIZED
                  20000200    00000008     rtsv7M4_T_le_v4SPD16_eabi.lib : _lock.obj (.data)
                  20000208    00000008                                   : exit.obj (.data)
                  20000210    00000006     main.obj (.data)
                  20000216    00000002     --HOLE--
                  20000218    00000004     rtsv7M4_T_le_v4SPD16_eabi.lib : stkdepth_vars.obj (.data)

.bss       0    2000021c    00000005     UNINITIALIZED
                  2000021c    00000004     (.common:ui32Period)
                  20000220    00000001     (.common:data1)

.stack     0    20000000    00000200     UNINITIALIZED
                  20000000    00000200     --HOLE--

.TI.persistent 
*          0    20000200    00000000     UNINITIALIZED

.TI.noinit 
*          0    2000021c    00000000     UNINITIALIZED


LINKER GENERATED COPY TABLES

__TI_cinit_table @ 00000d78 records: 2, size/record: 8, table size: 16
	.data: load addr=00000d50, load size=00000013 bytes, run addr=20000200, run size=0000001c bytes, compression=rle
	.bss: load addr=00000d70, load size=00000008 bytes, run addr=2000021c, run size=00000005 bytes, compression=zero_init


LINKER GENERATED HANDLER TABLE

__TI_handler_table @ 00000d64 records: 3, size/record: 4, table size: 12
	index: 0, handler: __TI_decompress_rle24
	index: 1, handler: __TI_decompress_none
	index: 2, handler: __TI_zero_init


GLOBAL SYMBOLS: SORTED ALPHABETICALLY BY Name 

address   name                    
-------   ----                    
00000aed  C$$EXIT                 
00000c25  CPUcpsie                
00000b65  GPIODirModeSet          
00000461  GPIOPadConfigSet        
00000c51  GPIOPinRead             
00000bd5  GPIOPinTypeGPIOInput    
00000b8f  GPIOPinTypeGPIOOutput   
00000c57  GPIOPinWrite            
00000989  IntEnable               
00000bf9  IntMasterEnable         
00000c3d  ResetISR                
UNDEFED   SHT$$INIT_ARRAY$$Base   
UNDEFED   SHT$$INIT_ARRAY$$Limit  
00000595  SysCtlClockGet          
000006a5  SysCtlClockSet          
00000c5d  SysCtlDelay             
00000b31  SysCtlPeripheralEnable  
0000032b  Timer0IntHandler        
000009f1  TimerConfigure          
00000c09  TimerEnable             
00000c69  TimerIntClear           
00000c49  TimerIntEnable          
00000be7  TimerLoadSet            
20000200  __STACK_END             
00000200  __STACK_SIZE            
20000200  __STACK_TOP             
00000d78  __TI_CINIT_Base         
00000d88  __TI_CINIT_Limit        
00000d64  __TI_Handler_Table_Base 
00000d70  __TI_Handler_Table_Limit
000008b1  __TI_auto_init          
20000208  __TI_cleanup_ptr        
00000c17  __TI_decompress_none    
00000c63  __TI_decompress_rle24   
2000020c  __TI_dtors_ptr          
00000000  __TI_static_base__      
00000c31  __TI_zero_init          
00000835  __aeabi_memclr          
00000835  __aeabi_memclr4         
00000835  __aeabi_memclr8         
00000799  __aeabi_memcpy          
00000799  __aeabi_memcpy4         
00000799  __aeabi_memcpy8         
00000837  __aeabi_memset          
00000837  __aeabi_memset4         
00000837  __aeabi_memset8         
ffffffff  __binit__               
ffffffff  __c_args__              
20000000  __stack                 
00000ba9  _args_main              
00000a51  _c_int00                
20000200  _lock                   
00000bcf  _nop                    
00000bc7  _register_lock          
00000bc1  _register_unlock        
00000c6d  _system_pre_init        
20000204  _unlock                 
00000af1  abort                   
ffffffff  binit                   
00000aa1  copy_in                 
20000220  data1                   
00000399  detectKeyPress          
00000af9  exit                    
20000214  flag                    
00000000  g_pfnVectors            
20000213  ledstatus               
000002b9  main                    
20000218  main_func_sp            
00000799  memcpy                  
0000083d  memset                  
20000215  status                  
20000212  sw2status               
0000026d  switchPinConfig         
2000021c  ui32Period              
20000210  value1                  
20000211  value2                  


GLOBAL SYMBOLS: SORTED BY Symbol Address 

address   name                    
-------   ----                    
00000000  __TI_static_base__      
00000000  g_pfnVectors            
00000200  __STACK_SIZE            
0000026d  switchPinConfig         
000002b9  main                    
0000032b  Timer0IntHandler        
00000399  detectKeyPress          
00000461  GPIOPadConfigSet        
00000595  SysCtlClockGet          
000006a5  SysCtlClockSet          
00000799  __aeabi_memcpy          
00000799  __aeabi_memcpy4         
00000799  __aeabi_memcpy8         
00000799  memcpy                  
00000835  __aeabi_memclr          
00000835  __aeabi_memclr4         
00000835  __aeabi_memclr8         
00000837  __aeabi_memset          
00000837  __aeabi_memset4         
00000837  __aeabi_memset8         
0000083d  memset                  
000008b1  __TI_auto_init          
00000989  IntEnable               
000009f1  TimerConfigure          
00000a51  _c_int00                
00000aa1  copy_in                 
00000aed  C$$EXIT                 
00000af1  abort                   
00000af9  exit                    
00000b31  SysCtlPeripheralEnable  
00000b65  GPIODirModeSet          
00000b8f  GPIOPinTypeGPIOOutput   
00000ba9  _args_main              
00000bc1  _register_unlock        
00000bc7  _register_lock          
00000bcf  _nop                    
00000bd5  GPIOPinTypeGPIOInput    
00000be7  TimerLoadSet            
00000bf9  IntMasterEnable         
00000c09  TimerEnable             
00000c17  __TI_decompress_none    
00000c25  CPUcpsie                
00000c31  __TI_zero_init          
00000c3d  ResetISR                
00000c49  TimerIntEnable          
00000c51  GPIOPinRead             
00000c57  GPIOPinWrite            
00000c5d  SysCtlDelay             
00000c63  __TI_decompress_rle24   
00000c69  TimerIntClear           
00000c6d  _system_pre_init        
00000d64  __TI_Handler_Table_Base 
00000d70  __TI_Handler_Table_Limit
00000d78  __TI_CINIT_Base         
00000d88  __TI_CINIT_Limit        
20000000  __stack                 
20000200  __STACK_END             
20000200  __STACK_TOP             
20000200  _lock                   
20000204  _unlock                 
20000208  __TI_cleanup_ptr        
2000020c  __TI_dtors_ptr          
20000210  value1                  
20000211  value2                  
20000212  sw2status               
20000213  ledstatus               
20000214  flag                    
20000215  status                  
20000218  main_func_sp            
2000021c  ui32Period              
20000220  data1                   
ffffffff  __binit__               
ffffffff  __c_args__              
ffffffff  binit                   
UNDEFED   SHT$$INIT_ARRAY$$Base   
UNDEFED   SHT$$INIT_ARRAY$$Limit  

[76 symbols]
