******************************************************************************
                  TI ARM Linker Unix v5.2.5                    
******************************************************************************
>> Linked Thu Feb  4 17:39:10 2016

OUTPUT FILE NAME:   <timInterrpt.out>
ENTRY POINT SYMBOL: "_c_int00"  address: 00000921


MEMORY CONFIGURATION

         name            origin    length      used     unused   attr    fill
----------------------  --------  ---------  --------  --------  ----  --------
  FLASH                 00000000   00040000  00000c42  0003f3be  R  X
  SRAM                  20000000   00008000  00000219  00007de7  RW X


SEGMENT ALLOCATION MAP

run origin  load origin   length   init length attrs members
----------  ----------- ---------- ----------- ----- -------
00000000    00000000    00000c48   00000c48    r-x
  00000000    00000000    0000026c   0000026c    r-- .intvecs
  0000026c    0000026c    000008c2   000008c2    r-x .text
  00000b30    00000b30    000000dc   000000dc    r-- .const
  00000c10    00000c10    00000038   00000038    r-- .cinit
20000000    20000000    0000021c   00000000    rw-
  20000000    20000000    00000200   00000000    rw- .stack
  20000200    20000200    00000015   00000000    rw- .data
  20000218    20000218    00000004   00000000    rw- .bss


SECTION ALLOCATION MAP

 output                                  attributes/
section   page    origin      length       input sections
--------  ----  ----------  ----------   ----------------
.intvecs   0    00000000    0000026c     
                  00000000    0000026c     tm4c123gh6pm_startup_ccs.obj (.intvecs)

.text      0    0000026c    000008c2     
                  0000026c    00000132     driverlib.lib : gpio.obj (.text:GPIOPadConfigSet)
                  0000039e    00000002     --HOLE-- [fill = 0]
                  000003a0    00000110                   : sysctl.obj (.text:SysCtlClockGet)
                  000004b0    000000f4                   : sysctl.obj (.text:SysCtlClockSet)
                  000005a4    000000c4     main.obj (.text)
                  00000668    0000009c     rtsv7M4_T_le_v4SPD16_eabi.lib : memcpy_t2.obj (.text)
                  00000704    0000007a                                   : memset_t2.obj (.text)
                  0000077e    00000002     --HOLE-- [fill = 0]
                  00000780    0000006c                                   : autoinit.obj (.text)
                  000007ec    0000006a                                   : copy_decompress_rle.obj (.text)
                  00000856    00000002     --HOLE-- [fill = 0]
                  00000858    00000068     driverlib.lib : interrupt.obj (.text:IntEnable)
                  000008c0    00000060                   : timer.obj (.text:TimerConfigure)
                  00000920    00000050     rtsv7M4_T_le_v4SPD16_eabi.lib : boot.obj (.text)
                  00000970    0000004c                                   : cpy_tbl.obj (.text)
                  000009bc    00000044                                   : exit.obj (.text)
                  00000a00    00000034     driverlib.lib : sysctl.obj (.text:SysCtlPeripheralEnable)
                  00000a34    0000002a                   : gpio.obj (.text:GPIODirModeSet)
                  00000a5e    00000018                   : gpio.obj (.text:GPIOPinTypeGPIOOutput)
                  00000a76    00000002     --HOLE-- [fill = 0]
                  00000a78    00000018     rtsv7M4_T_le_v4SPD16_eabi.lib : args_main.obj (.text)
                  00000a90    00000014                                   : _lock.obj (.text)
                  00000aa4    00000012     driverlib.lib : timer.obj (.text:TimerLoadSet)
                  00000ab6    00000010                   : interrupt.obj (.text:IntMasterEnable)
                  00000ac6    0000000e                   : timer.obj (.text:TimerEnable)
                  00000ad4    0000000e     rtsv7M4_T_le_v4SPD16_eabi.lib : copy_decompress_none.obj (.text:decompress:none)
                  00000ae2    0000000c     driverlib.lib : cpu.obj (.text:CPUcpsie)
                  00000aee    0000000c     rtsv7M4_T_le_v4SPD16_eabi.lib : copy_zero_init.obj (.text:decompress:ZI)
                  00000afa    0000000c     tm4c123gh6pm_startup_ccs.obj (.text)
                  00000b06    00000008     driverlib.lib : timer.obj (.text:TimerIntEnable)
                  00000b0e    00000006                   : gpio.obj (.text:GPIOPinRead)
                  00000b14    00000006                   : gpio.obj (.text:GPIOPinWrite)
                  00000b1a    00000006                   : sysctl.obj (.text:SysCtlDelay)
                  00000b20    00000006     rtsv7M4_T_le_v4SPD16_eabi.lib : copy_decompress_rle.obj (.text:decompress:rle24)
                  00000b26    00000004     driverlib.lib : timer.obj (.text:TimerIntClear)
                  00000b2a    00000004     rtsv7M4_T_le_v4SPD16_eabi.lib : pre_init.obj (.text)

.const     0    00000b30    000000dc     
                  00000b30    00000070     driverlib.lib : interrupt.obj (.const)
                  00000ba0    0000006c                   : sysctl.obj (.const:g_pui32Xtals)

.cinit     0    00000c10    00000038     
                  00000c10    00000010     (.cinit..data.load) [load image, compression = rle]
                  00000c20    0000000c     (__TI_handler_table)
                  00000c2c    00000004     --HOLE-- [fill = 0]
                  00000c30    00000008     (.cinit..bss.load) [load image, compression = zero_init]
                  00000c38    00000010     (__TI_cinit_table)

.init_array 
*          0    00000000    00000000     UNINITIALIZED

.data      0    20000200    00000015     UNINITIALIZED
                  20000200    00000008     rtsv7M4_T_le_v4SPD16_eabi.lib : _lock.obj (.data)
                  20000208    00000008                                   : exit.obj (.data)
                  20000210    00000004                                   : stkdepth_vars.obj (.data)
                  20000214    00000001     main.obj (.data)

.bss       0    20000218    00000004     UNINITIALIZED
                  20000218    00000004     (.common:ui32Period)

.stack     0    20000000    00000200     UNINITIALIZED
                  20000000    00000200     --HOLE--

.TI.persistent 
*          0    20000200    00000000     UNINITIALIZED

.TI.noinit 
*          0    20000218    00000000     UNINITIALIZED


LINKER GENERATED COPY TABLES

__TI_cinit_table @ 00000c38 records: 2, size/record: 8, table size: 16
	.data: load addr=00000c10, load size=00000010 bytes, run addr=20000200, run size=00000015 bytes, compression=rle
	.bss: load addr=00000c30, load size=00000008 bytes, run addr=20000218, run size=00000004 bytes, compression=zero_init


LINKER GENERATED HANDLER TABLE

__TI_handler_table @ 00000c20 records: 3, size/record: 4, table size: 12
	index: 0, handler: __TI_decompress_rle24
	index: 1, handler: __TI_decompress_none
	index: 2, handler: __TI_zero_init


GLOBAL SYMBOLS: SORTED ALPHABETICALLY BY Name 

address   name                    
-------   ----                    
000009bd  C$$EXIT                 
00000ae3  CPUcpsie                
00000a35  GPIODirModeSet          
0000026d  GPIOPadConfigSet        
00000b0f  GPIOPinRead             
00000a5f  GPIOPinTypeGPIOOutput   
00000b15  GPIOPinWrite            
00000859  IntEnable               
00000ab7  IntMasterEnable         
00000afb  ResetISR                
UNDEFED   SHT$$INIT_ARRAY$$Base   
UNDEFED   SHT$$INIT_ARRAY$$Limit  
000003a1  SysCtlClockGet          
000004b1  SysCtlClockSet          
00000b1b  SysCtlDelay             
00000a01  SysCtlPeripheralEnable  
00000605  Timer0IntHandler        
000008c1  TimerConfigure          
00000ac7  TimerEnable             
00000b27  TimerIntClear           
00000b07  TimerIntEnable          
00000aa5  TimerLoadSet            
20000200  __STACK_END             
00000200  __STACK_SIZE            
20000200  __STACK_TOP             
00000c38  __TI_CINIT_Base         
00000c48  __TI_CINIT_Limit        
00000c20  __TI_Handler_Table_Base 
00000c2c  __TI_Handler_Table_Limit
00000781  __TI_auto_init          
20000208  __TI_cleanup_ptr        
00000ad5  __TI_decompress_none    
00000b21  __TI_decompress_rle24   
2000020c  __TI_dtors_ptr          
00000000  __TI_static_base__      
00000aef  __TI_zero_init          
00000705  __aeabi_memclr          
00000705  __aeabi_memclr4         
00000705  __aeabi_memclr8         
00000669  __aeabi_memcpy          
00000669  __aeabi_memcpy4         
00000669  __aeabi_memcpy8         
00000707  __aeabi_memset          
00000707  __aeabi_memset4         
00000707  __aeabi_memset8         
ffffffff  __binit__               
ffffffff  __c_args__              
20000000  __stack                 
00000a79  _args_main              
00000921  _c_int00                
20000200  _lock                   
00000a9f  _nop                    
00000a97  _register_lock          
00000a91  _register_unlock        
00000b2b  _system_pre_init        
20000204  _unlock                 
000009c1  abort                   
ffffffff  binit                   
00000971  copy_in                 
000009c9  exit                    
00000000  g_pfnVectors            
20000214  ledstatus               
000005a5  main                    
20000210  main_func_sp            
00000669  memcpy                  
0000070d  memset                  
20000218  ui32Period              


GLOBAL SYMBOLS: SORTED BY Symbol Address 

address   name                    
-------   ----                    
00000000  __TI_static_base__      
00000000  g_pfnVectors            
00000200  __STACK_SIZE            
0000026d  GPIOPadConfigSet        
000003a1  SysCtlClockGet          
000004b1  SysCtlClockSet          
000005a5  main                    
00000605  Timer0IntHandler        
00000669  __aeabi_memcpy          
00000669  __aeabi_memcpy4         
00000669  __aeabi_memcpy8         
00000669  memcpy                  
00000705  __aeabi_memclr          
00000705  __aeabi_memclr4         
00000705  __aeabi_memclr8         
00000707  __aeabi_memset          
00000707  __aeabi_memset4         
00000707  __aeabi_memset8         
0000070d  memset                  
00000781  __TI_auto_init          
00000859  IntEnable               
000008c1  TimerConfigure          
00000921  _c_int00                
00000971  copy_in                 
000009bd  C$$EXIT                 
000009c1  abort                   
000009c9  exit                    
00000a01  SysCtlPeripheralEnable  
00000a35  GPIODirModeSet          
00000a5f  GPIOPinTypeGPIOOutput   
00000a79  _args_main              
00000a91  _register_unlock        
00000a97  _register_lock          
00000a9f  _nop                    
00000aa5  TimerLoadSet            
00000ab7  IntMasterEnable         
00000ac7  TimerEnable             
00000ad5  __TI_decompress_none    
00000ae3  CPUcpsie                
00000aef  __TI_zero_init          
00000afb  ResetISR                
00000b07  TimerIntEnable          
00000b0f  GPIOPinRead             
00000b15  GPIOPinWrite            
00000b1b  SysCtlDelay             
00000b21  __TI_decompress_rle24   
00000b27  TimerIntClear           
00000b2b  _system_pre_init        
00000c20  __TI_Handler_Table_Base 
00000c2c  __TI_Handler_Table_Limit
00000c38  __TI_CINIT_Base         
00000c48  __TI_CINIT_Limit        
20000000  __stack                 
20000200  __STACK_END             
20000200  __STACK_TOP             
20000200  _lock                   
20000204  _unlock                 
20000208  __TI_cleanup_ptr        
2000020c  __TI_dtors_ptr          
20000210  main_func_sp            
20000214  ledstatus               
20000218  ui32Period              
ffffffff  __binit__               
ffffffff  __c_args__              
ffffffff  binit                   
UNDEFED   SHT$$INIT_ARRAY$$Base   
UNDEFED   SHT$$INIT_ARRAY$$Limit  

[67 symbols]
