******************************************************************************
                  TI ARM Linker Unix v5.2.5                    
******************************************************************************
>> Linked Wed Feb 10 16:25:30 2016

OUTPUT FILE NAME:   <Lab4.out>
ENTRY POINT SYMBOL: "_c_int00"  address: 000014fd


MEMORY CONFIGURATION

         name            origin    length      used     unused   attr    fill
----------------------  --------  ---------  --------  --------  ----  --------
  FLASH                 00000000   00040000  00001c8a  0003e376  R  X
  SRAM                  20000000   00008000  000003e0  00007c20  RW X


SEGMENT ALLOCATION MAP

run origin  load origin   length   init length attrs members
----------  ----------- ---------- ----------- ----- -------
00000000    00000000    00001c90   00001c90    r-x
  00000000    00000000    0000026c   0000026c    r-- .intvecs
  0000026c    0000026c    000017ee   000017ee    r-x .text
  00001a60    00001a60    000001a8   000001a8    r-- .const
  00001c08    00001c08    00000088   00000088    r-- .cinit
20000000    20000000    000003e3   00000000    rw-
  20000000    20000000    00000200   00000000    rw- .stack
  20000200    20000200    000001b9   00000000    rw- .data
  200003bc    200003bc    00000027   00000000    rw- .bss


SECTION ALLOCATION MAP

 output                                  attributes/
section   page    origin      length       input sections
--------  ----  ----------  ----------   ----------------
.intvecs   0    00000000    0000026c     
                  00000000    0000026c     tm4c123gh6pm_startup_ccs.obj (.intvecs)

.text      0    0000026c    000017ee     
                  0000026c    000003ac     main.obj (.text)
                  00000618    000002ec     rtsv7M4_T_le_v4SPD16_eabi.lib : xlog.obj (.text)
                  00000904    000001b6                                   : fd_add_t2.obj (.text)
                  00000aba    00000136                                   : fd_div_t2.obj (.text)
                  00000bf0    00000132     driverlib.lib : gpio.obj (.text:GPIOPadConfigSet)
                  00000d22    00000002     rtsv7M4_T_le_v4SPD16_eabi.lib : i_div0.obj (.text)
                  00000d24    00000110     driverlib.lib : sysctl.obj (.text:SysCtlClockGet)
                  00000e34    000000fc     rtsv7M4_T_le_v4SPD16_eabi.lib : fd_mul_t2.obj (.text)
                  00000f30    000000f4     driverlib.lib : sysctl.obj (.text:SysCtlClockSet)
                  00001024    000000be     rtsv7M4_T_le_v4SPD16_eabi.lib : xdnorm.obj (.text)
                  000010e2    0000009c                                   : memcpy_t2.obj (.text)
                  0000117e    00000086                                   : fd_cmp_t2.obj (.text:__aeabi_cdcmple)
                  00001204    0000007a     driverlib.lib : adc.obj (.text:ADCSequenceStepConfigure)
                  0000127e    0000007a     rtsv7M4_T_le_v4SPD16_eabi.lib : memset_t2.obj (.text)
                  000012f8    0000006c                                   : autoinit.obj (.text)
                  00001364    0000006a                                   : copy_decompress_rle.obj (.text)
                  000013ce    00000002     --HOLE-- [fill = 0]
                  000013d0    00000068     driverlib.lib : interrupt.obj (.text:IntEnable)
                  00001438    00000066     rtsv7M4_T_le_v4SPD16_eabi.lib : xdunscal.obj (.text)
                  0000149e    0000005e                                   : i_divt2.obj (.text)
                  000014fc    00000050                                   : boot.obj (.text)
                  0000154c    0000004c                                   : cpy_tbl.obj (.text)
                  00001598    00000048     driverlib.lib : gpio.obj (.text:GPIOPinConfigure)
                  000015e0    00000048     rtsv7M4_T_le_v4SPD16_eabi.lib : fd_toi_t2.obj (.text)
                  00001628    00000046     driverlib.lib : uart.obj (.text:UARTConfigSetExpClk)
                  0000166e    00000002     --HOLE-- [fill = 0]
                  00001670    00000044     rtsv7M4_T_le_v4SPD16_eabi.lib : exit.obj (.text)
                  000016b4    00000040                                   : signal.obj (.text)
                  000016f4    0000003e     driverlib.lib : adc.obj (.text:ADCSequenceConfigure)
                  00001732    00000038     rtsv7M4_T_le_v4SPD16_eabi.lib : fs_tod_t2.obj (.text)
                  0000176a    00000002     --HOLE-- [fill = 0]
                  0000176c    00000034     driverlib.lib : sysctl.obj (.text:SysCtlPeripheralEnable)
                  000017a0    00000034     rtsv7M4_T_le_v4SPD16_eabi.lib : feraiseexcept.obj (.text)
                  000017d4    00000030                                   : xferaise.obj (.text)
                  00001804    0000002e     driverlib.lib : adc.obj (.text:ADCIntStatus)
                  00001832    0000002e     rtsv7M4_T_le_v4SPD16_eabi.lib : i_tofd_t2.obj (.text)
                  00001860    0000002e                                   : raise.obj (.text)
                  0000188e    0000002a     driverlib.lib : gpio.obj (.text:GPIODirModeSet)
                  000018b8    00000020                   : uart.obj (.text:UARTDisable)
                  000018d8    0000001e                   : adc.obj (.text:ADCSequenceDataGet)
                  000018f6    0000001a     rtsv7M4_T_le_v4SPD16_eabi.lib : log10.obj (.text)
                  00001910    00000018     driverlib.lib : adc.obj (.text:ADCProcessorTrigger)
                  00001928    00000018                   : gpio.obj (.text:GPIOPinTypeGPIOOutput)
                  00001940    00000018     rtsv7M4_T_le_v4SPD16_eabi.lib : args_main.obj (.text)
                  00001958    00000014     driverlib.lib : uart.obj (.text:UARTEnable)
                  0000196c    00000014     rtsv7M4_T_le_v4SPD16_eabi.lib : _lock.obj (.text)
                  00001980    00000012     driverlib.lib : gpio.obj (.text:GPIOPinTypeUART)
                  00001992    00000010                   : interrupt.obj (.text:IntMasterEnable)
                  000019a2    0000000e                   : adc.obj (.text:ADCHardwareOversampleConfigure)
                  000019b0    0000000e                   : adc.obj (.text:ADCSequenceEnable)
                  000019be    0000000e                   : uart.obj (.text:UARTCharGetNonBlocking)
                  000019cc    0000000e                   : uart.obj (.text:UARTCharPutNonBlocking)
                  000019da    0000000e                   : uart.obj (.text:UARTCharsAvail)
                  000019e8    0000000e     rtsv7M4_T_le_v4SPD16_eabi.lib : copy_decompress_none.obj (.text:decompress:none)
                  000019f6    0000000c     driverlib.lib : cpu.obj (.text:CPUcpsie)
                  00001a02    0000000c     rtsv7M4_T_le_v4SPD16_eabi.lib : copy_zero_init.obj (.text:decompress:ZI)
                  00001a0e    0000000c     tm4c123gh6pm_startup_ccs.obj (.text)
                  00001a1a    0000000a     driverlib.lib : adc.obj (.text:ADCIntClear)
                  00001a24    0000000a                   : uart.obj (.text:UARTCharPut)
                  00001a2e    0000000a                   : uart.obj (.text:UARTIntStatus)
                  00001a38    00000008                   : uart.obj (.text:UARTIntEnable)
                  00001a40    00000006                   : gpio.obj (.text:GPIOPinWrite)
                  00001a46    00000006                   : sysctl.obj (.text:SysCtlDelay)
                  00001a4c    00000006     rtsv7M4_T_le_v4SPD16_eabi.lib : copy_decompress_rle.obj (.text:decompress:rle24)
                  00001a52    00000004     driverlib.lib : uart.obj (.text:UARTIntClear)
                  00001a56    00000004     rtsv7M4_T_le_v4SPD16_eabi.lib : pre_init.obj (.text)

.const     0    00001a60    000001a8     
                  00001a60    00000090     driverlib.lib : gpio.obj (.const:g_pui32GPIOBaseAddrs)
                  00001af0    00000070                   : interrupt.obj (.const)
                  00001b60    0000006c                   : sysctl.obj (.const:g_pui32Xtals)
                  00001bcc    00000004     --HOLE-- [fill = 0]
                  00001bd0    00000038     rtsv7M4_T_le_v4SPD16_eabi.lib : xlog.obj (.const:p)

.cinit     0    00001c08    00000088     
                  00001c08    00000063     (.cinit..data.load) [load image, compression = rle]
                  00001c6b    00000001     --HOLE-- [fill = 0]
                  00001c6c    0000000c     (__TI_handler_table)
                  00001c78    00000008     (.cinit..bss.load) [load image, compression = zero_init]
                  00001c80    00000010     (__TI_cinit_table)

.init_array 
*          0    00000000    00000000     UNINITIALIZED

.data      0    20000200    000001b9     UNINITIALIZED
                  20000200    000000b0     rtsv7M4_T_le_v4SPD16_eabi.lib : signal.obj (.data:sigtable)
                  200002b0    00000080                                   : xvalues.obj (.data)
                  20000330    00000068                                   : xfvalues.obj (.data)
                  20000398    00000008                                   : _lock.obj (.data)
                  200003a0    00000008                                   : exit.obj (.data)
                  200003a8    00000008                                   : feraiseexcept.obj (.data)
                  200003b0    00000004                                   : errno.obj (.data)
                  200003b4    00000004                                   : stkdepth_vars.obj (.data)
                  200003b8    00000001     main.obj (.data)

.bss       0    200003bc    00000027     UNINITIALIZED
                  200003bc    00000010     (.common:ui32ADC0Value)
                  200003cc    0000000c     (.common:digit)
                  200003d8    00000004     (.common:ui32TempAvg)
                  200003dc    00000004     (.common:ui32TempValueC)
                  200003e0    00000001     (.common:len)
                  200003e1    00000001     (.common:length)
                  200003e2    00000001     (.common:tnum)

.stack     0    20000000    00000200     UNINITIALIZED
                  20000000    00000200     --HOLE--

.TI.persistent 
*          0    20000200    00000000     UNINITIALIZED

.TI.noinit 
*          0    200003bc    00000000     UNINITIALIZED


LINKER GENERATED COPY TABLES

__TI_cinit_table @ 00001c80 records: 2, size/record: 8, table size: 16
	.data: load addr=00001c08, load size=00000063 bytes, run addr=20000200, run size=000001b9 bytes, compression=rle
	.bss: load addr=00001c78, load size=00000008 bytes, run addr=200003bc, run size=00000027 bytes, compression=zero_init


LINKER GENERATED HANDLER TABLE

__TI_handler_table @ 00001c6c records: 3, size/record: 4, table size: 12
	index: 0, handler: __TI_decompress_rle24
	index: 1, handler: __TI_decompress_none
	index: 2, handler: __TI_zero_init


GLOBAL SYMBOLS: SORTED ALPHABETICALLY BY Name 

address   name                          
-------   ----                          
000019a3  ADCHardwareOversampleConfigure
00001a1b  ADCIntClear                   
00001805  ADCIntStatus                  
00001911  ADCProcessorTrigger           
000016f5  ADCSequenceConfigure          
000018d9  ADCSequenceDataGet            
000019b1  ADCSequenceEnable             
00001205  ADCSequenceStepConfigure      
00001671  C$$EXIT                       
000019f7  CPUcpsie                      
0000188f  GPIODirModeSet                
00000bf1  GPIOPadConfigSet              
00001599  GPIOPinConfigure              
00001929  GPIOPinTypeGPIOOutput         
00001981  GPIOPinTypeUART               
00001a41  GPIOPinWrite                  
000013d1  IntEnable                     
00001993  IntMasterEnable               
00001a0f  ResetISR                      
UNDEFED   SHT$$INIT_ARRAY$$Base         
UNDEFED   SHT$$INIT_ARRAY$$Limit        
00000d25  SysCtlClockGet                
00000f31  SysCtlClockSet                
00001a47  SysCtlDelay                   
0000176d  SysCtlPeripheralEnable        
000019bf  UARTCharGetNonBlocking        
00001a25  UARTCharPut                   
000019cd  UARTCharPutNonBlocking        
000019db  UARTCharsAvail                
00001629  UARTConfigSetExpClk           
000018b9  UARTDisable                   
00001959  UARTEnable                    
00001a53  UARTIntClear                  
00001a39  UARTIntEnable                 
0000026d  UARTIntHandler                
00001a2f  UARTIntStatus                 
200002b0  _Denorm                       
00001025  _Dnorm                        
00001439  _Dunscale                     
200002c0  _Eps                          
200003b0  _Errno                        
20000330  _FDenorm                      
20000340  _FEps                         
20000350  _FInf                         
20000360  _FNan                         
20000380  _FRteps                       
20000370  _FSnan                        
20000390  _FXbig                        
20000394  _FZero                        
200003a8  _Fenv                         
000017d5  _Feraise                      
200002d0  _Hugeval                      
200002e0  _Inf                          
00000619  _Log                          
200002f0  _Nan                          
20000310  _Rteps                        
20000300  _Snan                         
200003ac  _Tls_setup__Fenv              
20000320  _Xbig                         
20000328  _Zero                         
20000200  __STACK_END                   
00000200  __STACK_SIZE                  
20000200  __STACK_TOP                   
00001c80  __TI_CINIT_Base               
00001c90  __TI_CINIT_Limit              
00001c6c  __TI_Handler_Table_Base       
00001c78  __TI_Handler_Table_Limit      
000012f9  __TI_auto_init                
200003a0  __TI_cleanup_ptr              
000019e9  __TI_decompress_none          
00001a4d  __TI_decompress_rle24         
200003a4  __TI_dtors_ptr                
00000000  __TI_static_base__            
00001a03  __TI_zero_init                
0000117f  __aeabi_cdcmpeq               
0000117f  __aeabi_cdcmple               
000015e1  __aeabi_d2iz                  
0000090f  __aeabi_dadd                  
00000abb  __aeabi_ddiv                  
00000e35  __aeabi_dmul                  
00000905  __aeabi_dsub                  
00001733  __aeabi_f2d                   
00001833  __aeabi_i2d                   
0000149f  __aeabi_idiv                  
00000d23  __aeabi_idiv0                 
0000149f  __aeabi_idivmod               
0000127f  __aeabi_memclr                
0000127f  __aeabi_memclr4               
0000127f  __aeabi_memclr8               
000010e3  __aeabi_memcpy                
000010e3  __aeabi_memcpy4               
000010e3  __aeabi_memcpy8               
00001281  __aeabi_memset                
00001281  __aeabi_memset4               
00001281  __aeabi_memset8               
ffffffff  __binit__                     
ffffffff  __c_args__                    
20000000  __stack                       
00001941  _args_main                    
000014fd  _c_int00                      
20000398  _lock                         
0000197b  _nop                          
00001973  _register_lock                
0000196d  _register_unlock              
00001a57  _system_pre_init              
2000039c  _unlock                       
00001675  abort                         
000002c1  asciiInt                      
ffffffff  binit                         
0000154d  copy_in                       
200003cc  digit                         
0000167d  exit                          
000017a1  feraiseexcept                 
00000000  g_pfnVectors                  
200003b8  i                             
200003e0  len                           
200003e1  length                        
000018f7  log10                         
000003dd  main                          
200003b4  main_func_sp                  
000010e3  memcpy                        
00001287  memset                        
00001861  raise                         
000016b5  signal                        
200003e2  tnum                          
200003bc  ui32ADC0Value                 
200003d8  ui32TempAvg                   
200003dc  ui32TempValueC                


GLOBAL SYMBOLS: SORTED BY Symbol Address 

address   name                          
-------   ----                          
00000000  __TI_static_base__            
00000000  g_pfnVectors                  
00000200  __STACK_SIZE                  
0000026d  UARTIntHandler                
000002c1  asciiInt                      
000003dd  main                          
00000619  _Log                          
00000905  __aeabi_dsub                  
0000090f  __aeabi_dadd                  
00000abb  __aeabi_ddiv                  
00000bf1  GPIOPadConfigSet              
00000d23  __aeabi_idiv0                 
00000d25  SysCtlClockGet                
00000e35  __aeabi_dmul                  
00000f31  SysCtlClockSet                
00001025  _Dnorm                        
000010e3  __aeabi_memcpy                
000010e3  __aeabi_memcpy4               
000010e3  __aeabi_memcpy8               
000010e3  memcpy                        
0000117f  __aeabi_cdcmpeq               
0000117f  __aeabi_cdcmple               
00001205  ADCSequenceStepConfigure      
0000127f  __aeabi_memclr                
0000127f  __aeabi_memclr4               
0000127f  __aeabi_memclr8               
00001281  __aeabi_memset                
00001281  __aeabi_memset4               
00001281  __aeabi_memset8               
00001287  memset                        
000012f9  __TI_auto_init                
000013d1  IntEnable                     
00001439  _Dunscale                     
0000149f  __aeabi_idiv                  
0000149f  __aeabi_idivmod               
000014fd  _c_int00                      
0000154d  copy_in                       
00001599  GPIOPinConfigure              
000015e1  __aeabi_d2iz                  
00001629  UARTConfigSetExpClk           
00001671  C$$EXIT                       
00001675  abort                         
0000167d  exit                          
000016b5  signal                        
000016f5  ADCSequenceConfigure          
00001733  __aeabi_f2d                   
0000176d  SysCtlPeripheralEnable        
000017a1  feraiseexcept                 
000017d5  _Feraise                      
00001805  ADCIntStatus                  
00001833  __aeabi_i2d                   
00001861  raise                         
0000188f  GPIODirModeSet                
000018b9  UARTDisable                   
000018d9  ADCSequenceDataGet            
000018f7  log10                         
00001911  ADCProcessorTrigger           
00001929  GPIOPinTypeGPIOOutput         
00001941  _args_main                    
00001959  UARTEnable                    
0000196d  _register_unlock              
00001973  _register_lock                
0000197b  _nop                          
00001981  GPIOPinTypeUART               
00001993  IntMasterEnable               
000019a3  ADCHardwareOversampleConfigure
000019b1  ADCSequenceEnable             
000019bf  UARTCharGetNonBlocking        
000019cd  UARTCharPutNonBlocking        
000019db  UARTCharsAvail                
000019e9  __TI_decompress_none          
000019f7  CPUcpsie                      
00001a03  __TI_zero_init                
00001a0f  ResetISR                      
00001a1b  ADCIntClear                   
00001a25  UARTCharPut                   
00001a2f  UARTIntStatus                 
00001a39  UARTIntEnable                 
00001a41  GPIOPinWrite                  
00001a47  SysCtlDelay                   
00001a4d  __TI_decompress_rle24         
00001a53  UARTIntClear                  
00001a57  _system_pre_init              
00001c6c  __TI_Handler_Table_Base       
00001c78  __TI_Handler_Table_Limit      
00001c80  __TI_CINIT_Base               
00001c90  __TI_CINIT_Limit              
20000000  __stack                       
20000200  __STACK_END                   
20000200  __STACK_TOP                   
200002b0  _Denorm                       
200002c0  _Eps                          
200002d0  _Hugeval                      
200002e0  _Inf                          
200002f0  _Nan                          
20000300  _Snan                         
20000310  _Rteps                        
20000320  _Xbig                         
20000328  _Zero                         
20000330  _FDenorm                      
20000340  _FEps                         
20000350  _FInf                         
20000360  _FNan                         
20000370  _FSnan                        
20000380  _FRteps                       
20000390  _FXbig                        
20000394  _FZero                        
20000398  _lock                         
2000039c  _unlock                       
200003a0  __TI_cleanup_ptr              
200003a4  __TI_dtors_ptr                
200003a8  _Fenv                         
200003ac  _Tls_setup__Fenv              
200003b0  _Errno                        
200003b4  main_func_sp                  
200003b8  i                             
200003bc  ui32ADC0Value                 
200003cc  digit                         
200003d8  ui32TempAvg                   
200003dc  ui32TempValueC                
200003e0  len                           
200003e1  length                        
200003e2  tnum                          
ffffffff  __binit__                     
ffffffff  __c_args__                    
ffffffff  binit                         
UNDEFED   SHT$$INIT_ARRAY$$Base         
UNDEFED   SHT$$INIT_ARRAY$$Limit        

[128 symbols]
