******************************************************************************
                  TI ARM Linker Unix v5.2.5                    
******************************************************************************
>> Linked Mon Feb  8 21:22:58 2016

OUTPUT FILE NAME:   <timerpwm.out>
ENTRY POINT SYMBOL: "_c_int00"  address: 00000bcd


MEMORY CONFIGURATION

         name            origin    length      used     unused   attr    fill
----------------------  --------  ---------  --------  --------  ----  --------
  FLASH                 00000000   00040000  00000e68  0003f198  R  X
  SRAM                  20000000   00008000  00000219  00007de7  RW X


SEGMENT ALLOCATION MAP

run origin  load origin   length   init length attrs members
----------  ----------- ---------- ----------- ----- -------
00000000    00000000    00000e68   00000e68    r-x
  00000000    00000000    0000026c   0000026c    r-- .intvecs
  0000026c    0000026c    00000b58   00000b58    r-x .text
  00000dc4    00000dc4    0000006c   0000006c    r-- .const
  00000e30    00000e30    00000038   00000038    r-- .cinit
20000000    20000000    00000219   00000000    rw-
  20000000    20000000    00000200   00000000    rw- .stack
  20000200    20000200    00000018   00000000    rw- .data
  20000218    20000218    00000001   00000000    rw- .bss


SECTION ALLOCATION MAP

 output                                  attributes/
section   page    origin      length       input sections
--------  ----  ----------  ----------   ----------------
.intvecs   0    00000000    0000026c     
                  00000000    0000026c     tm4c123gh6pm_startup_ccs.obj (.intvecs)

.text      0    0000026c    00000b58     
                  0000026c    0000056c     main.obj (.text)
                  000007d8    00000110     driverlib.lib : sysctl.obj (.text:SysCtlClockGet)
                  000008e8    000000f4                   : sysctl.obj (.text:SysCtlClockSet)
                  000009dc    0000009c     rtsv7M4_T_le_v4SPD16_eabi.lib : memcpy_t2.obj (.text)
                  00000a78    0000007a                                   : memset_t2.obj (.text)
                  00000af2    00000002     --HOLE-- [fill = 0]
                  00000af4    0000006c                                   : autoinit.obj (.text)
                  00000b60    0000006a                                   : copy_decompress_rle.obj (.text)
                  00000bca    00000002     --HOLE-- [fill = 0]
                  00000bcc    00000050                                   : boot.obj (.text)
                  00000c1c    0000004c                                   : cpy_tbl.obj (.text)
                  00000c68    00000044                                   : exit.obj (.text)
                  00000cac    00000034     driverlib.lib : sysctl.obj (.text:SysCtlPeripheralEnable)
                  00000ce0    00000022                   : pwm.obj (.text:PWMGenConfigure)
                  00000d02    0000001e                   : pwm.obj (.text:PWMPulseWidthSet)
                  00000d20    00000018     rtsv7M4_T_le_v4SPD16_eabi.lib : args_main.obj (.text)
                  00000d38    00000014     driverlib.lib : sysctl.obj (.text:SysCtlPWMClockSet)
                  00000d4c    00000014     rtsv7M4_T_le_v4SPD16_eabi.lib : _lock.obj (.text)
                  00000d60    00000012     driverlib.lib : pwm.obj (.text:PWMOutputState)
                  00000d72    00000010                   : pwm.obj (.text:PWMGenPeriodSet)
                  00000d82    0000000e     rtsv7M4_T_le_v4SPD16_eabi.lib : copy_decompress_none.obj (.text:decompress:none)
                  00000d90    0000000c     driverlib.lib : pwm.obj (.text:PWMGenEnable)
                  00000d9c    0000000c     rtsv7M4_T_le_v4SPD16_eabi.lib : copy_zero_init.obj (.text:decompress:ZI)
                  00000da8    0000000c     tm4c123gh6pm_startup_ccs.obj (.text)
                  00000db4    00000006     driverlib.lib : sysctl.obj (.text:SysCtlDelay)
                  00000dba    00000006     rtsv7M4_T_le_v4SPD16_eabi.lib : copy_decompress_rle.obj (.text:decompress:rle24)
                  00000dc0    00000004                                   : pre_init.obj (.text)

.const     0    00000dc4    0000006c     
                  00000dc4    0000006c     driverlib.lib : sysctl.obj (.const:g_pui32Xtals)

.cinit     0    00000e30    00000038     
                  00000e30    00000013     (.cinit..data.load) [load image, compression = rle]
                  00000e43    00000001     --HOLE-- [fill = 0]
                  00000e44    0000000c     (__TI_handler_table)
                  00000e50    00000008     (.cinit..bss.load) [load image, compression = zero_init]
                  00000e58    00000010     (__TI_cinit_table)

.init_array 
*          0    00000000    00000000     UNINITIALIZED

.data      0    20000200    00000018     UNINITIALIZED
                  20000200    00000008     rtsv7M4_T_le_v4SPD16_eabi.lib : _lock.obj (.data)
                  20000208    00000008                                   : exit.obj (.data)
                  20000210    00000004     main.obj (.data)
                  20000214    00000004     rtsv7M4_T_le_v4SPD16_eabi.lib : stkdepth_vars.obj (.data)

.bss       0    20000218    00000001     UNINITIALIZED
                  20000218    00000001     (.common:ui8Adjust)

.stack     0    20000000    00000200     UNINITIALIZED
                  20000000    00000200     --HOLE--

.TI.persistent 
*          0    20000200    00000000     UNINITIALIZED

.TI.noinit 
*          0    20000218    00000000     UNINITIALIZED


LINKER GENERATED COPY TABLES

__TI_cinit_table @ 00000e58 records: 2, size/record: 8, table size: 16
	.data: load addr=00000e30, load size=00000013 bytes, run addr=20000200, run size=00000018 bytes, compression=rle
	.bss: load addr=00000e50, load size=00000008 bytes, run addr=20000218, run size=00000001 bytes, compression=zero_init


LINKER GENERATED HANDLER TABLE

__TI_handler_table @ 00000e44 records: 3, size/record: 4, table size: 12
	index: 0, handler: __TI_decompress_rle24
	index: 1, handler: __TI_decompress_none
	index: 2, handler: __TI_zero_init


GLOBAL SYMBOLS: SORTED ALPHABETICALLY BY Name 

address   name                    
-------   ----                    
00000c69  C$$EXIT                 
00000ce1  PWMGenConfigure         
00000d91  PWMGenEnable            
00000d73  PWMGenPeriodSet         
00000d61  PWMOutputState          
00000d03  PWMPulseWidthSet        
00000da9  ResetISR                
UNDEFED   SHT$$INIT_ARRAY$$Base   
UNDEFED   SHT$$INIT_ARRAY$$Limit  
000007d9  SysCtlClockGet          
000008e9  SysCtlClockSet          
00000db5  SysCtlDelay             
00000d39  SysCtlPWMClockSet       
00000cad  SysCtlPeripheralEnable  
20000200  __STACK_END             
00000200  __STACK_SIZE            
20000200  __STACK_TOP             
00000e58  __TI_CINIT_Base         
00000e68  __TI_CINIT_Limit        
00000e44  __TI_Handler_Table_Base 
00000e50  __TI_Handler_Table_Limit
00000af5  __TI_auto_init          
20000208  __TI_cleanup_ptr        
00000d83  __TI_decompress_none    
00000dbb  __TI_decompress_rle24   
2000020c  __TI_dtors_ptr          
00000000  __TI_static_base__      
00000d9d  __TI_zero_init          
00000a79  __aeabi_memclr          
00000a79  __aeabi_memclr4         
00000a79  __aeabi_memclr8         
000009dd  __aeabi_memcpy          
000009dd  __aeabi_memcpy4         
000009dd  __aeabi_memcpy8         
00000a7b  __aeabi_memset          
00000a7b  __aeabi_memset4         
00000a7b  __aeabi_memset8         
ffffffff  __binit__               
ffffffff  __c_args__              
20000000  __stack                 
00000d21  _args_main              
00000bcd  _c_int00                
20000200  _lock                   
00000d5b  _nop                    
00000d53  _register_lock          
00000d4d  _register_unlock        
00000dc1  _system_pre_init        
20000204  _unlock                 
00000c6d  abort                   
ffffffff  binit                   
00000c1d  copy_in                 
20000213  count                   
00000c75  exit                    
20000211  flag1                   
20000212  flag2                   
00000000  g_pfnVectors            
0000026d  main                    
20000214  main_func_sp            
000009dd  memcpy                  
00000a81  memset                  
20000210  mode                    
20000218  ui8Adjust               


GLOBAL SYMBOLS: SORTED BY Symbol Address 

address   name                    
-------   ----                    
00000000  __TI_static_base__      
00000000  g_pfnVectors            
00000200  __STACK_SIZE            
0000026d  main                    
000007d9  SysCtlClockGet          
000008e9  SysCtlClockSet          
000009dd  __aeabi_memcpy          
000009dd  __aeabi_memcpy4         
000009dd  __aeabi_memcpy8         
000009dd  memcpy                  
00000a79  __aeabi_memclr          
00000a79  __aeabi_memclr4         
00000a79  __aeabi_memclr8         
00000a7b  __aeabi_memset          
00000a7b  __aeabi_memset4         
00000a7b  __aeabi_memset8         
00000a81  memset                  
00000af5  __TI_auto_init          
00000bcd  _c_int00                
00000c1d  copy_in                 
00000c69  C$$EXIT                 
00000c6d  abort                   
00000c75  exit                    
00000cad  SysCtlPeripheralEnable  
00000ce1  PWMGenConfigure         
00000d03  PWMPulseWidthSet        
00000d21  _args_main              
00000d39  SysCtlPWMClockSet       
00000d4d  _register_unlock        
00000d53  _register_lock          
00000d5b  _nop                    
00000d61  PWMOutputState          
00000d73  PWMGenPeriodSet         
00000d83  __TI_decompress_none    
00000d91  PWMGenEnable            
00000d9d  __TI_zero_init          
00000da9  ResetISR                
00000db5  SysCtlDelay             
00000dbb  __TI_decompress_rle24   
00000dc1  _system_pre_init        
00000e44  __TI_Handler_Table_Base 
00000e50  __TI_Handler_Table_Limit
00000e58  __TI_CINIT_Base         
00000e68  __TI_CINIT_Limit        
20000000  __stack                 
20000200  __STACK_END             
20000200  __STACK_TOP             
20000200  _lock                   
20000204  _unlock                 
20000208  __TI_cleanup_ptr        
2000020c  __TI_dtors_ptr          
20000210  mode                    
20000211  flag1                   
20000212  flag2                   
20000213  count                   
20000214  main_func_sp            
20000218  ui8Adjust               
ffffffff  __binit__               
ffffffff  __c_args__              
ffffffff  binit                   
UNDEFED   SHT$$INIT_ARRAY$$Base   
UNDEFED   SHT$$INIT_ARRAY$$Limit  

[62 symbols]
