******************************************************************************
                  TI ARM Linker Unix v5.2.5                    
******************************************************************************
>> Linked Tue Feb  9 11:08:51 2016

OUTPUT FILE NAME:   <timerpwm.out>
ENTRY POINT SYMBOL: "_c_int00"  address: 00000c4d


MEMORY CONFIGURATION

         name            origin    length      used     unused   attr    fill
----------------------  --------  ---------  --------  --------  ----  --------
  FLASH                 00000000   00040000  00000ef0  0003f110  R  X
  SRAM                  20000000   00008000  0000021d  00007de3  RW X


SEGMENT ALLOCATION MAP

run origin  load origin   length   init length attrs members
----------  ----------- ---------- ----------- ----- -------
00000000    00000000    00000ef0   00000ef0    r-x
  00000000    00000000    0000026c   0000026c    r-- .intvecs
  0000026c    0000026c    00000bd8   00000bd8    r-x .text
  00000e44    00000e44    0000006c   0000006c    r-- .const
  00000eb0    00000eb0    00000040   00000040    r-- .cinit
20000000    20000000    0000021d   00000000    rw-
  20000000    20000000    00000200   00000000    rw- .stack
  20000200    20000200    0000001c   00000000    rw- .data
  2000021c    2000021c    00000001   00000000    rw- .bss


SECTION ALLOCATION MAP

 output                                  attributes/
section   page    origin      length       input sections
--------  ----  ----------  ----------   ----------------
.intvecs   0    00000000    0000026c     
                  00000000    0000026c     tm4c123gh6pm_startup_ccs.obj (.intvecs)

.text      0    0000026c    00000bd8     
                  0000026c    000005ec     main.obj (.text)
                  00000858    00000110     driverlib.lib : sysctl.obj (.text:SysCtlClockGet)
                  00000968    000000f4                   : sysctl.obj (.text:SysCtlClockSet)
                  00000a5c    0000009c     rtsv7M4_T_le_v4SPD16_eabi.lib : memcpy_t2.obj (.text)
                  00000af8    0000007a                                   : memset_t2.obj (.text)
                  00000b72    00000002     --HOLE-- [fill = 0]
                  00000b74    0000006c                                   : autoinit.obj (.text)
                  00000be0    0000006a                                   : copy_decompress_rle.obj (.text)
                  00000c4a    00000002     --HOLE-- [fill = 0]
                  00000c4c    00000050                                   : boot.obj (.text)
                  00000c9c    0000004c                                   : cpy_tbl.obj (.text)
                  00000ce8    00000044                                   : exit.obj (.text)
                  00000d2c    00000034     driverlib.lib : sysctl.obj (.text:SysCtlPeripheralEnable)
                  00000d60    00000022                   : pwm.obj (.text:PWMGenConfigure)
                  00000d82    0000001e                   : pwm.obj (.text:PWMPulseWidthSet)
                  00000da0    00000018     rtsv7M4_T_le_v4SPD16_eabi.lib : args_main.obj (.text)
                  00000db8    00000014     driverlib.lib : sysctl.obj (.text:SysCtlPWMClockSet)
                  00000dcc    00000014     rtsv7M4_T_le_v4SPD16_eabi.lib : _lock.obj (.text)
                  00000de0    00000012     driverlib.lib : pwm.obj (.text:PWMOutputState)
                  00000df2    00000010                   : pwm.obj (.text:PWMGenPeriodSet)
                  00000e02    0000000e     rtsv7M4_T_le_v4SPD16_eabi.lib : copy_decompress_none.obj (.text:decompress:none)
                  00000e10    0000000c     driverlib.lib : pwm.obj (.text:PWMGenEnable)
                  00000e1c    0000000c     rtsv7M4_T_le_v4SPD16_eabi.lib : copy_zero_init.obj (.text:decompress:ZI)
                  00000e28    0000000c     tm4c123gh6pm_startup_ccs.obj (.text)
                  00000e34    00000006     driverlib.lib : sysctl.obj (.text:SysCtlDelay)
                  00000e3a    00000006     rtsv7M4_T_le_v4SPD16_eabi.lib : copy_decompress_rle.obj (.text:decompress:rle24)
                  00000e40    00000004                                   : pre_init.obj (.text)

.const     0    00000e44    0000006c     
                  00000e44    0000006c     driverlib.lib : sysctl.obj (.const:g_pui32Xtals)

.cinit     0    00000eb0    00000040     
                  00000eb0    00000017     (.cinit..data.load) [load image, compression = rle]
                  00000ec7    00000001     --HOLE-- [fill = 0]
                  00000ec8    0000000c     (__TI_handler_table)
                  00000ed4    00000004     --HOLE-- [fill = 0]
                  00000ed8    00000008     (.cinit..bss.load) [load image, compression = zero_init]
                  00000ee0    00000010     (__TI_cinit_table)

.init_array 
*          0    00000000    00000000     UNINITIALIZED

.data      0    20000200    0000001c     UNINITIALIZED
                  20000200    00000008     main.obj (.data)
                  20000208    00000008     rtsv7M4_T_le_v4SPD16_eabi.lib : _lock.obj (.data)
                  20000210    00000008                                   : exit.obj (.data)
                  20000218    00000004                                   : stkdepth_vars.obj (.data)

.bss       0    2000021c    00000001     UNINITIALIZED
                  2000021c    00000001     (.common:ui8Adjust)

.stack     0    20000000    00000200     UNINITIALIZED
                  20000000    00000200     --HOLE--

.TI.persistent 
*          0    20000200    00000000     UNINITIALIZED

.TI.noinit 
*          0    2000021c    00000000     UNINITIALIZED


LINKER GENERATED COPY TABLES

__TI_cinit_table @ 00000ee0 records: 2, size/record: 8, table size: 16
	.data: load addr=00000eb0, load size=00000017 bytes, run addr=20000200, run size=0000001c bytes, compression=rle
	.bss: load addr=00000ed8, load size=00000008 bytes, run addr=2000021c, run size=00000001 bytes, compression=zero_init


LINKER GENERATED HANDLER TABLE

__TI_handler_table @ 00000ec8 records: 3, size/record: 4, table size: 12
	index: 0, handler: __TI_decompress_rle24
	index: 1, handler: __TI_decompress_none
	index: 2, handler: __TI_zero_init


GLOBAL SYMBOLS: SORTED ALPHABETICALLY BY Name 

address   name                    
-------   ----                    
00000ce9  C$$EXIT                 
00000d61  PWMGenConfigure         
00000e11  PWMGenEnable            
00000df3  PWMGenPeriodSet         
00000de1  PWMOutputState          
00000d83  PWMPulseWidthSet        
00000e29  ResetISR                
UNDEFED   SHT$$INIT_ARRAY$$Base   
UNDEFED   SHT$$INIT_ARRAY$$Limit  
00000859  SysCtlClockGet          
00000969  SysCtlClockSet          
00000e35  SysCtlDelay             
00000db9  SysCtlPWMClockSet       
00000d2d  SysCtlPeripheralEnable  
20000200  __STACK_END             
00000200  __STACK_SIZE            
20000200  __STACK_TOP             
00000ee0  __TI_CINIT_Base         
00000ef0  __TI_CINIT_Limit        
00000ec8  __TI_Handler_Table_Base 
00000ed4  __TI_Handler_Table_Limit
00000b75  __TI_auto_init          
20000210  __TI_cleanup_ptr        
00000e03  __TI_decompress_none    
00000e3b  __TI_decompress_rle24   
20000214  __TI_dtors_ptr          
00000000  __TI_static_base__      
00000e1d  __TI_zero_init          
00000af9  __aeabi_memclr          
00000af9  __aeabi_memclr4         
00000af9  __aeabi_memclr8         
00000a5d  __aeabi_memcpy          
00000a5d  __aeabi_memcpy4         
00000a5d  __aeabi_memcpy8         
00000afb  __aeabi_memset          
00000afb  __aeabi_memset4         
00000afb  __aeabi_memset8         
ffffffff  __binit__               
ffffffff  __c_args__              
20000000  __stack                 
00000da1  _args_main              
00000c4d  _c_int00                
20000208  _lock                   
00000ddb  _nop                    
00000dd3  _register_lock          
00000dcd  _register_unlock        
00000e41  _system_pre_init        
2000020c  _unlock                 
00000ced  abort                   
ffffffff  binit                   
00000c9d  copy_in                 
20000203  count                   
20000204  delay                   
00000cf5  exit                    
20000201  flag1                   
20000202  flag2                   
00000000  g_pfnVectors            
0000026d  main                    
20000218  main_func_sp            
00000a5d  memcpy                  
00000b01  memset                  
20000200  mode                    
2000021c  ui8Adjust               


GLOBAL SYMBOLS: SORTED BY Symbol Address 

address   name                    
-------   ----                    
00000000  __TI_static_base__      
00000000  g_pfnVectors            
00000200  __STACK_SIZE            
0000026d  main                    
00000859  SysCtlClockGet          
00000969  SysCtlClockSet          
00000a5d  __aeabi_memcpy          
00000a5d  __aeabi_memcpy4         
00000a5d  __aeabi_memcpy8         
00000a5d  memcpy                  
00000af9  __aeabi_memclr          
00000af9  __aeabi_memclr4         
00000af9  __aeabi_memclr8         
00000afb  __aeabi_memset          
00000afb  __aeabi_memset4         
00000afb  __aeabi_memset8         
00000b01  memset                  
00000b75  __TI_auto_init          
00000c4d  _c_int00                
00000c9d  copy_in                 
00000ce9  C$$EXIT                 
00000ced  abort                   
00000cf5  exit                    
00000d2d  SysCtlPeripheralEnable  
00000d61  PWMGenConfigure         
00000d83  PWMPulseWidthSet        
00000da1  _args_main              
00000db9  SysCtlPWMClockSet       
00000dcd  _register_unlock        
00000dd3  _register_lock          
00000ddb  _nop                    
00000de1  PWMOutputState          
00000df3  PWMGenPeriodSet         
00000e03  __TI_decompress_none    
00000e11  PWMGenEnable            
00000e1d  __TI_zero_init          
00000e29  ResetISR                
00000e35  SysCtlDelay             
00000e3b  __TI_decompress_rle24   
00000e41  _system_pre_init        
00000ec8  __TI_Handler_Table_Base 
00000ed4  __TI_Handler_Table_Limit
00000ee0  __TI_CINIT_Base         
00000ef0  __TI_CINIT_Limit        
20000000  __stack                 
20000200  __STACK_END             
20000200  __STACK_TOP             
20000200  mode                    
20000201  flag1                   
20000202  flag2                   
20000203  count                   
20000204  delay                   
20000208  _lock                   
2000020c  _unlock                 
20000210  __TI_cleanup_ptr        
20000214  __TI_dtors_ptr          
20000218  main_func_sp            
2000021c  ui8Adjust               
ffffffff  __binit__               
ffffffff  __c_args__              
ffffffff  binit                   
UNDEFED   SHT$$INIT_ARRAY$$Base   
UNDEFED   SHT$$INIT_ARRAY$$Limit  

[63 symbols]
